// Jest Snapshot v1, https://goo.gl/fbAQLP

exports[`<Footer /> Footer Snapshot 1`] = `
<div
  className="Footer"
>
  <p
    className="Footer-title"
  >
    Platzi Store
  </p>
  <p
    className="Footer-copy"
  >
    Hago un Cambio y Actualizo mi SNAPSHOT...
  </p>
</div>
`;
